[2026-06-04 20:49:17] production.ERROR: Method App\Http\Controllers\Api\AuthController::me does not exist. {"userId":1,"exception":"[object] (BadMethodCallException(code: 0): Method App\\Http\\Controllers\\Api\\AuthController::me does not exist. at C:/Users/akmal/Desktop/KP/hydromart-wms-fullstack/hydromart-wms-fullstack/backend/vendor/laravel/framework/src/Illuminate/Routing/Controller.php:68)
[stacktrace]
#0 C:/Users/akmal/Desktop/KP/hydromart-wms-fullstack/hydromart-wms-fullstack/backend/vendor/laravel/framework/src/Illuminate/Routing/Controller.php(54): Illuminate/Routing/Controller->__call('me', Array)
#1 C:/Users/akmal/Desktop/KP/hydromart-wms-fullstack/hydromart-wms-fullstack/backend/vendor/laravel/framework/src/Illuminate/Routing/ControllerDispatcher.php(43): Illuminate/Routing/Controller->callAction('me', Array)
#2 C:/Users/akmal/Desktop/KP/hydromart-wms-fullstack/hydromart-wms-fullstack/backend/vendor/laravel/framework/src/Illuminate/Routing/Route.php(259): Illuminate/Routing/ControllerDispatcher->dispatch(Object(Illuminate/Routing/Route), Object(App/Http/Controllers/Api/AuthController), 'me')
#3 C:/Users/akmal/Desktop/KP/hydromart-wms-fullstack/hydromart-wms-fullstack/backend/vendor/laravel/framework/src/Illuminate/Routing/Route.php(205): Illuminate/Routing/Route->runController()
#4 C:/Users/akmal/Desktop/KP/hydromart-wms-fullstack/hydromart-wms-fullstack/backend/vendor/laravel/framework/src/Illuminate/Routing/Router.php(806): Illuminate/Routing/Route->run()
#5 C:/Users/akmal/Desktop/KP/hydromart-wms-fullstack/hydromart-wms-fullstack/backend/vendor/laravel/framework/src/Illuminate/Pipeline/Pipeline.php(144): Illuminate/Routing/Router->Illuminate/Routing/{closure}(Object(Illuminate/Http/Request))
#6 C:/Users/akmal/Desktop/KP/hydromart-wms-fullstack/hydromart-wms-fullstack/backend/vendor/laravel/framework/src/Illuminate/Routing/Middleware/SubstituteBindings.php(50): Illuminate/Pipeline/Pipeline->Illuminate/Pipeline/{closure}(Object(Illuminate/Http/Request))
#7 C:/Users/akmal/Desktop/KP/hydromart-wms-fullstack/hydromart-wms-fullstack/backend/vendor/laravel/framework/src/Illuminate/Pipeline/Pipeline.php(183): Illuminate/Routing/Middleware/SubstituteBindings->handle(Object(Illuminate/Http/Request), Object(Closure))
#8 C:/Users/akmal/Desktop/KP/hydromart-wms-fullstack/hydromart-wms-fullstack/backend/vendor/laravel/framework/src/Illuminate/Routing/Middleware/ThrottleRequests.php(159): Illuminate/Pipeline/Pipeline->Illuminate/Pipeline/{closure}(Object(Illuminate/Http/Request))
#9 C:/Users/akmal/Desktop/KP/hydromart-wms-fullstack/hydromart-wms-fullstack/backend/vendor/laravel/framework/src/Illuminate/Routing/Middleware/ThrottleRequests.php(125): Illuminate/Routing/Middleware/ThrottleRequests->handleRequest(Object(Illuminate/Http/Request), Object(Closure), Array)
#10 C:/Users/akmal/Desktop/KP/hydromart-wms-fullstack/hydromart-wms-fullstack/backend/vendor/laravel/framework/src/Illuminate/Routing/Middleware/ThrottleRequests.php(87): Illuminate/Routing/Middleware/ThrottleRequests->handleRequestUsingNamedLimiter(Object(Illuminate/Http/Request), Object(Closure), 'api', Object(Closure))
#11 C:/Users/akmal/Desktop/KP/hydromart-wms-fullstack/hydromart-wms-fullstack/backend/vendor/laravel/framework/src/Illuminate/Pipeline/Pipeline.php(183): Illuminate/Routing/Middleware/ThrottleRequests->handle(Object(Illuminate/Http/Request), Object(Closure), 'api')
#12 C:/Users/akmal/Desktop/KP/hydromart-wms-fullstack/hydromart-wms-fullstack/backend/vendor/laravel/framework/src/Illuminate/Auth/Middleware/Authenticate.php(57): Illuminate/Pipeline/Pipeline->Illuminate/Pipeline/{closure}(Object(Illuminate/Http/Request))
#13 C:/Users/akmal/Desktop/KP/hydromart-wms-fullstack/hydromart-wms-fullstack/backend/vendor/laravel/framework/src/Illuminate/Pipeline/Pipeline.php(183): Illuminate/Auth/Middleware/Authenticate->handle(Object(Illuminate/Http/Request), Object(Closure), 'sanctum')
#14 C:/Users/akmal/Desktop/KP/hydromart-wms-fullstack/hydromart-wms-fullstack/backend/vendor/laravel/sanctum/src/Http/Middleware/EnsureFrontendRequestsAreStateful.php(25): Illuminate/Pipeline/Pipeline->Illuminate/Pipeline/{closure}(Object(Illuminate/Http/Request))
#15 C:/Users/akmal/Desktop/KP/hydromart-wms-fullstack/hydromart-wms-fullstack/backend/vendor/laravel/framework/src/Illuminate/Pipeline/Pipeline.php(144): Laravel/Sanctum/Http/Middleware/EnsureFrontendRequestsAreStateful->Laravel/Sanctum/Http/Middleware/{closure}(Object(Illuminate/Http/Request))
#16 C:/Users/akmal/Desktop/KP/hydromart-wms-fullstack/hydromart-wms-fullstack/backend/vendor/laravel/framework/src/Illuminate/Foundation/Http/Middleware/VerifyCsrfToken.php(78): Illuminate/Pipeline/Pipeline->Illuminate/Pipeline/{closure}(Object(Illuminate/Http/Request))
#17 C:/Users/akmal/Desktop/KP/hydromart-wms-fullstack/hydromart-wms-fullstack/backend/vendor/laravel/framework/src/Illuminate/Pipeline/Pipeline.php(183): Illuminate/Foundation/Http/Middleware/VerifyCsrfToken->handle(Object(Illuminate/Http/Request), Object(Closure))
#18 C:/Users/akmal/Desktop/KP/hydromart-wms-fullstack/hydromart-wms-fullstack/backend/vendor/laravel/framework/src/Illuminate/Session/Middleware/StartSession.php(121): Illuminate/Pipeline/Pipeline->Illuminate/Pipeline/{closure}(Object(Illuminate/Http/Request))
#19 C:/Users/akmal/Desktop/KP/hydromart-wms-fullstack/hydromart-wms-fullstack/backend/vendor/laravel/framework/src/Illuminate/Session/Middleware/StartSession.php(64): Illuminate/Session/Middleware/StartSession->handleStatefulRequest(Object(Illuminate/Http/Request), Object(Illuminate/Session/Store), Object(Closure))
#20 C:/Users/akmal/Desktop/KP/hydromart-wms-fullstack/hydromart-wms-fullstack/backend/vendor/laravel/framework/src/Illuminate/Pipeline/Pipeline.php(183): Illuminate/Session/Middleware/StartSession->handle(Object(Illuminate/Http/Request), Object(Closure))
#21 C:/Users/akmal/Desktop/KP/hydromart-wms-fullstack/hydromart-wms-fullstack/backend/vendor/laravel/framework/src/Illuminate/Cookie/Middleware/AddQueuedCookiesToResponse.php(37): Illuminate/Pipeline/Pipeline->Illuminate/Pipeline/{closure}(Object(Illuminate/Http/Request))
#22 C:/Users/akmal/Desktop/KP/hydromart-wms-fullstack/hydromart-wms-fullstack/backend/vendor/laravel/framework/src/Illuminate/Pipeline/Pipeline.php(183): Illuminate/Cookie/Middleware/AddQueuedCookiesToResponse->handle(Object(Illuminate/Http/Request), Object(Closure))
#23 C:/Users/akmal/Desktop/KP/hydromart-wms-fullstack/hydromart-wms-fullstack/backend/vendor/laravel/framework/src/Illuminate/Cookie/Middleware/EncryptCookies.php(67): Illuminate/Pipeline/Pipeline->Illuminate/Pipeline/{closure}(Object(Illuminate/Http/Request))
#24 C:/Users/akmal/Desktop/KP/hydromart-wms-fullstack/hydromart-wms-fullstack/backend/vendor/laravel/framework/src/Illuminate/Pipeline/Pipeline.php(183): Illuminate/Cookie/Middleware/EncryptCookies->handle(Object(Illuminate/Http/Request), Object(Closure))
#25 C:/Users/akmal/Desktop/KP/hydromart-wms-fullstack/hydromart-wms-fullstack/backend/vendor/laravel/sanctum/src/Http/Middleware/EnsureFrontendRequestsAreStateful.php(61): Illuminate/Pipeline/Pipeline->Illuminate/Pipeline/{closure}(Object(Illuminate/Http/Request))
#26 C:/Users/akmal/Desktop/KP/hydromart-wms-fullstack/hydromart-wms-fullstack/backend/vendor/laravel/framework/src/Illuminate/Pipeline/Pipeline.php(165): Laravel/Sanctum/Http/Middleware/EnsureFrontendRequestsAreStateful->Laravel/Sanctum/Http/Middleware/{closure}(Object(Illuminate/Http/Request), Object(Closure))
#27 C:/Users/akmal/Desktop/KP/hydromart-wms-fullstack/hydromart-wms-fullstack/backend/vendor/laravel/framework/src/Illuminate/Pipeline/Pipeline.php(119): Illuminate/Pipeline/Pipeline->Illuminate/Pipeline/{closure}(Object(Illuminate/Http/Request))
#28 C:/Users/akmal/Desktop/KP/hydromart-wms-fullstack/hydromart-wms-fullstack/backend/vendor/laravel/sanctum/src/Http/Middleware/EnsureFrontendRequestsAreStateful.php(24): Illuminate/Pipeline/Pipeline->then(Object(Closure))
#29 C:/Users/akmal/Desktop/KP/hydromart-wms-fullstack/hydromart-wms-fullstack/backend/vendor/laravel/framework/src/Illuminate/Pipeline/Pipeline.php(183): Laravel/Sanctum/Http/Middleware/EnsureFrontendRequestsAreStateful->handle(Object(Illuminate/Http/Request), Object(Closure))
#30 C:/Users/akmal/Desktop/KP/hydromart-wms-fullstack/hydromart-wms-fullstack/backend/vendor/laravel/framework/src/Illuminate/Pipeline/Pipeline.php(119): Illuminate/Pipeline/Pipeline->Illuminate/Pipeline/{closure}(Object(Illuminate/Http/Request))
#31 C:/Users/akmal/Desktop/KP/hydromart-wms-fullstack/hydromart-wms-fullstack/backend/vendor/laravel/framework/src/Illuminate/Routing/Router.php(805): Illuminate/Pipeline/Pipeline->then(Object(Closure))
#32 C:/Users/akmal/Desktop/KP/hydromart-wms-fullstack/hydromart-wms-fullstack/backend/vendor/laravel/framework/src/Illuminate/Routing/Router.php(784): Illuminate/Routing/Router->runRouteWithinStack(Object(Illuminate/Routing/Route), Object(Illuminate/Http/Request))
#33 C:/Users/akmal/Desktop/KP/hydromart-wms-fullstack/hydromart-wms-fullstack/backend/vendor/laravel/framework/src/Illuminate/Routing/Router.php(748): Illuminate/Routing/Router->runRoute(Object(Illuminate/Http/Request), Object(Illuminate/Routing/Route))
#34 C:/Users/akmal/Desktop/KP/hydromart-wms-fullstack/hydromart-wms-fullstack/backend/vendor/laravel/framework/src/Illuminate/Routing/Router.php(737): Illuminate/Routing/Router->dispatchToRoute(Object(Illuminate/Http/Request))
#35 C:/Users/akmal/Desktop/KP/hydromart-wms-fullstack/hydromart-wms-fullstack/backend/vendor/laravel/framework/src/Illuminate/Foundation/Http/Kernel.php(200): Illuminate/Routing/Router->dispatch(Object(Illuminate/Http/Request))
#36 C:/Users/akmal/Desktop/KP/hydromart-wms-fullstack/hydromart-wms-fullstack/backend/vendor/laravel/framework/src/Illuminate/Pipeline/Pipeline.php(144): Illuminate/Foundation/Http/Kernel->Illuminate/Foundation/Http/{closure}(Object(Illuminate/Http/Request))
#37 C:/Users/akmal/Desktop/KP/hydromart-wms-fullstack/hydromart-wms-fullstack/backend/vendor/laravel/framework/src/Illuminate/Foundation/Http/Middleware/TransformsRequest.php(21): Illuminate/Pipeline/Pipeline->Illuminate/Pipeline/{closure}(Object(Illuminate/Http/Request))
#38 C:/Users/akmal/Desktop/KP/hydromart-wms-fullstack/hydromart-wms-fullstack/backend/vendor/laravel/framework/src/Illuminate/Foundation/Http/Middleware/ConvertEmptyStringsToNull.php(31): Illuminate/Foundation/Http/Middleware/TransformsRequest->handle(Object(Illuminate/Http/Request), Object(Closure))
#39 C:/Users/akmal/Desktop/KP/hydromart-wms-fullstack/hydromart-wms-fullstack/backend/vendor/laravel/framework/src/Illuminate/Pipeline/Pipeline.php(183): Illuminate/Foundation/Http/Middleware/ConvertEmptyStringsToNull->handle(Object(Illuminate/Http/Request), Object(Closure))
#40 C:/Users/akmal/Desktop/KP/hydromart-wms-fullstack/hydromart-wms-fullstack/backend/vendor/laravel/framework/src/Illuminate/Foundation/Http/Middleware/TransformsRequest.php(21): Illuminate/Pipeline/Pipeline->Illuminate/Pipeline/{closure}(Object(Illuminate/Http/Request))
#41 C:/Users/akmal/Desktop/KP/hydromart-wms-fullstack/hydromart-wms-fullstack/backend/vendor/laravel/framework/src/Illuminate/Foundation/Http/Middleware/TrimStrings.php(40): Illuminate/Foundation/Http/Middleware/TransformsRequest->handle(Object(Illuminate/Http/Request), Object(Closure))
#42 C:/Users/akmal/Desktop/KP/hydromart-wms-fullstack/hydromart-wms-fullstack/backend/vendor/laravel/framework/src/Illuminate/Pipeline/Pipeline.php(183): Illuminate/Foundation/Http/Middleware/TrimStrings->handle(Object(Illuminate/Http/Request), Object(Closure))
#43 C:/Users/akmal/Desktop/KP/hydromart-wms-fullstack/hydromart-wms-fullstack/backend/vendor/laravel/framework/src/Illuminate/Foundation/Http/Middleware/ValidatePostSize.php(27): Illuminate/Pipeline/Pipeline->Illuminate/Pipeline/{closure}(Object(Illuminate/Http/Request))
#44 C:/Users/akmal/Desktop/KP/hydromart-wms-fullstack/hydromart-wms-fullstack/backend/vendor/laravel/framework/src/Illuminate/Pipeline/Pipeline.php(183): Illuminate/Foundation/Http/Middleware/ValidatePostSize->handle(Object(Illuminate/Http/Request), Object(Closure))
#45 C:/Users/akmal/Desktop/KP/hydromart-wms-fullstack/hydromart-wms-fullstack/backend/vendor/laravel/framework/src/Illuminate/Foundation/Http/Middleware/PreventRequestsDuringMaintenance.php(99): Illuminate/Pipeline/Pipeline->Illuminate/Pipeline/{closure}(Object(Illuminate/Http/Request))
#46 C:/Users/akmal/Desktop/KP/hydromart-wms-fullstack/hydromart-wms-fullstack/backend/vendor/laravel/framework/src/Illuminate/Pipeline/Pipeline.php(183): Illuminate/Foundation/Http/Middleware/PreventRequestsDuringMaintenance->handle(Object(Illuminate/Http/Request), Object(Closure))
#47 C:/Users/akmal/Desktop/KP/hydromart-wms-fullstack/hydromart-wms-fullstack/backend/vendor/laravel/framework/src/Illuminate/Http/Middleware/HandleCors.php(62): Illuminate/Pipeline/Pipeline->Illuminate/Pipeline/{closure}(Object(Illuminate/Http/Request))
#48 C:/Users/akmal/Desktop/KP/hydromart-wms-fullstack/hydromart-wms-fullstack/backend/vendor/laravel/framework/src/Illuminate/Pipeline/Pipeline.php(183): Illuminate/Http/Middleware/HandleCors->handle(Object(Illuminate/Http/Request), Object(Closure))
#49 C:/Users/akmal/Desktop/KP/hydromart-wms-fullstack/hydromart-wms-fullstack/backend/vendor/laravel/framework/src/Illuminate/Http/Middleware/TrustProxies.php(39): Illuminate/Pipeline/Pipeline->Illuminate/Pipeline/{closure}(Object(Illuminate/Http/Request))
#50 C:/Users/akmal/Desktop/KP/hydromart-wms-fullstack/hydromart-wms-fullstack/backend/vendor/laravel/framework/src/Illuminate/Pipeline/Pipeline.php(183): Illuminate/Http/Middleware/TrustProxies->handle(Object(Illuminate/Http/Request), Object(Closure))
#51 C:/Users/akmal/Desktop/KP/hydromart-wms-fullstack/hydromart-wms-fullstack/backend/vendor/laravel/framework/src/Illuminate/Http/Middleware/TrustHosts.php(48): Illuminate/Pipeline/Pipeline->Illuminate/Pipeline/{closure}(Object(Illuminate/Http/Request))
#52 C:/Users/akmal/Desktop/KP/hydromart-wms-fullstack/hydromart-wms-fullstack/backend/vendor/laravel/framework/src/Illuminate/Pipeline/Pipeline.php(183): Illuminate/Http/Middleware/TrustHosts->handle(Object(Illuminate/Http/Request), Object(Closure))
#53 C:/Users/akmal/Desktop/KP/hydromart-wms-fullstack/hydromart-wms-fullstack/backend/vendor/laravel/framework/src/Illuminate/Pipeline/Pipeline.php(119): Illuminate/Pipeline/Pipeline->Illuminate/Pipeline/{closure}(Object(Illuminate/Http/Request))
#54 C:/Users/akmal/Desktop/KP/hydromart-wms-fullstack/hydromart-wms-fullstack/backend/vendor/laravel/framework/src/Illuminate/Foundation/Http/Kernel.php(175): Illuminate/Pipeline/Pipeline->then(Object(Closure))
#55 C:/Users/akmal/Desktop/KP/hydromart-wms-fullstack/hydromart-wms-fullstack/backend/vendor/laravel/framework/src/Illuminate/Foundation/Http/Kernel.php(144): Illuminate/Foundation/Http/Kernel->sendRequestThroughRouter(Object(Illuminate/Http/Request))
#56 C:/Users/akmal/Desktop/KP/hydromart-wms-fullstack/hydromart-wms-fullstack/backend/public/index.php(51): Illuminate/Foundation/Http/Kernel->handle(Object(Illuminate/Http/Request))
#57 C:/Users/akmal/Desktop/KP/hydromart-wms-fullstack/hydromart-wms-fullstack/backend/server.php(21): require_once('C://Users//akmal//...')
#58 {main}
"} 
[2026-06-04 20:49:18] production.ERROR: Method App\Http\Controllers\Api\AuthController::me does not exist. {"userId":1,"exception":"[object] (BadMethodCallException(code: 0): Method App\\Http\\Controllers\\Api\\AuthController::me does not exist. at C:/Users/akmal/Desktop/KP/hydromart-wms-fullstack/hydromart-wms-fullstack/backend/vendor/laravel/framework/src/Illuminate/Routing/Controller.php:68)
[stacktrace]
#0 C:/Users/akmal/Desktop/KP/hydromart-wms-fullstack/hydromart-wms-fullstack/backend/vendor/laravel/framework/src/Illuminate/Routing/Controller.php(54): Illuminate/Routing/Controller->__call('me', Array)
#1 C:/Users/akmal/Desktop/KP/hydromart-wms-fullstack/hydromart-wms-fullstack/backend/vendor/laravel/framework/src/Illuminate/Routing/ControllerDispatcher.php(43): Illuminate/Routing/Controller->callAction('me', Array)
#2 C:/Users/akmal/Desktop/KP/hydromart-wms-fullstack/hydromart-wms-fullstack/backend/vendor/laravel/framework/src/Illuminate/Routing/Route.php(259): Illuminate/Routing/ControllerDispatcher->dispatch(Object(Illuminate/Routing/Route), Object(App/Http/Controllers/Api/AuthController), 'me')
#3 C:/Users/akmal/Desktop/KP/hydromart-wms-fullstack/hydromart-wms-fullstack/backend/vendor/laravel/framework/src/Illuminate/Routing/Route.php(205): Illuminate/Routing/Route->runController()
#4 C:/Users/akmal/Desktop/KP/hydromart-wms-fullstack/hydromart-wms-fullstack/backend/vendor/laravel/framework/src/Illuminate/Routing/Router.php(806): Illuminate/Routing/Route->run()
#5 C:/Users/akmal/Desktop/KP/hydromart-wms-fullstack/hydromart-wms-fullstack/backend/vendor/laravel/framework/src/Illuminate/Pipeline/Pipeline.php(144): Illuminate/Routing/Router->Illuminate/Routing/{closure}(Object(Illuminate/Http/Request))
#6 C:/Users/akmal/Desktop/KP/hydromart-wms-fullstack/hydromart-wms-fullstack/backend/vendor/laravel/framework/src/Illuminate/Routing/Middleware/SubstituteBindings.php(50): Illuminate/Pipeline/Pipeline->Illuminate/Pipeline/{closure}(Object(Illuminate/Http/Request))
#7 C:/Users/akmal/Desktop/KP/hydromart-wms-fullstack/hydromart-wms-fullstack/backend/vendor/laravel/framework/src/Illuminate/Pipeline/Pipeline.php(183): Illuminate/Routing/Middleware/SubstituteBindings->handle(Object(Illuminate/Http/Request), Object(Closure))
#8 C:/Users/akmal/Desktop/KP/hydromart-wms-fullstack/hydromart-wms-fullstack/backend/vendor/laravel/framework/src/Illuminate/Routing/Middleware/ThrottleRequests.php(159): Illuminate/Pipeline/Pipeline->Illuminate/Pipeline/{closure}(Object(Illuminate/Http/Request))
#9 C:/Users/akmal/Desktop/KP/hydromart-wms-fullstack/hydromart-wms-fullstack/backend/vendor/laravel/framework/src/Illuminate/Routing/Middleware/ThrottleRequests.php(125): Illuminate/Routing/Middleware/ThrottleRequests->handleRequest(Object(Illuminate/Http/Request), Object(Closure), Array)
#10 C:/Users/akmal/Desktop/KP/hydromart-wms-fullstack/hydromart-wms-fullstack/backend/vendor/laravel/framework/src/Illuminate/Routing/Middleware/ThrottleRequests.php(87): Illuminate/Routing/Middleware/ThrottleRequests->handleRequestUsingNamedLimiter(Object(Illuminate/Http/Request), Object(Closure), 'api', Object(Closure))
#11 C:/Users/akmal/Desktop/KP/hydromart-wms-fullstack/hydromart-wms-fullstack/backend/vendor/laravel/framework/src/Illuminate/Pipeline/Pipeline.php(183): Illuminate/Routing/Middleware/ThrottleRequests->handle(Object(Illuminate/Http/Request), Object(Closure), 'api')
#12 C:/Users/akmal/Desktop/KP/hydromart-wms-fullstack/hydromart-wms-fullstack/backend/vendor/laravel/framework/src/Illuminate/Auth/Middleware/Authenticate.php(57): Illuminate/Pipeline/Pipeline->Illuminate/Pipeline/{closure}(Object(Illuminate/Http/Request))
#13 C:/Users/akmal/Desktop/KP/hydromart-wms-fullstack/hydromart-wms-fullstack/backend/vendor/laravel/framework/src/Illuminate/Pipeline/Pipeline.php(183): Illuminate/Auth/Middleware/Authenticate->handle(Object(Illuminate/Http/Request), Object(Closure), 'sanctum')
#14 C:/Users/akmal/Desktop/KP/hydromart-wms-fullstack/hydromart-wms-fullstack/backend/vendor/laravel/sanctum/src/Http/Middleware/EnsureFrontendRequestsAreStateful.php(25): Illuminate/Pipeline/Pipeline->Illuminate/Pipeline/{closure}(Object(Illuminate/Http/Request))
#15 C:/Users/akmal/Desktop/KP/hydromart-wms-fullstack/hydromart-wms-fullstack/backend/vendor/laravel/framework/src/Illuminate/Pipeline/Pipeline.php(144): Laravel/Sanctum/Http/Middleware/EnsureFrontendRequestsAreStateful->Laravel/Sanctum/Http/Middleware/{closure}(Object(Illuminate/Http/Request))
#16 C:/Users/akmal/Desktop/KP/hydromart-wms-fullstack/hydromart-wms-fullstack/backend/vendor/laravel/framework/src/Illuminate/Foundation/Http/Middleware/VerifyCsrfToken.php(78): Illuminate/Pipeline/Pipeline->Illuminate/Pipeline/{closure}(Object(Illuminate/Http/Request))
#17 C:/Users/akmal/Desktop/KP/hydromart-wms-fullstack/hydromart-wms-fullstack/backend/vendor/laravel/framework/src/Illuminate/Pipeline/Pipeline.php(183): Illuminate/Foundation/Http/Middleware/VerifyCsrfToken->handle(Object(Illuminate/Http/Request), Object(Closure))
#18 C:/Users/akmal/Desktop/KP/hydromart-wms-fullstack/hydromart-wms-fullstack/backend/vendor/laravel/framework/src/Illuminate/Session/Middleware/StartSession.php(121): Illuminate/Pipeline/Pipeline->Illuminate/Pipeline/{closure}(Object(Illuminate/Http/Request))
#19 C:/Users/akmal/Desktop/KP/hydromart-wms-fullstack/hydromart-wms-fullstack/backend/vendor/laravel/framework/src/Illuminate/Session/Middleware/StartSession.php(64): Illuminate/Session/Middleware/StartSession->handleStatefulRequest(Object(Illuminate/Http/Request), Object(Illuminate/Session/Store), Object(Closure))
#20 C:/Users/akmal/Desktop/KP/hydromart-wms-fullstack/hydromart-wms-fullstack/backend/vendor/laravel/framework/src/Illuminate/Pipeline/Pipeline.php(183): Illuminate/Session/Middleware/StartSession->handle(Object(Illuminate/Http/Request), Object(Closure))
#21 C:/Users/akmal/Desktop/KP/hydromart-wms-fullstack/hydromart-wms-fullstack/backend/vendor/laravel/framework/src/Illuminate/Cookie/Middleware/AddQueuedCookiesToResponse.php(37): Illuminate/Pipeline/Pipeline->Illuminate/Pipeline/{closure}(Object(Illuminate/Http/Request))
#22 C:/Users/akmal/Desktop/KP/hydromart-wms-fullstack/hydromart-wms-fullstack/backend/vendor/laravel/framework/src/Illuminate/Pipeline/Pipeline.php(183): Illuminate/Cookie/Middleware/AddQueuedCookiesToResponse->handle(Object(Illuminate/Http/Request), Object(Closure))
#23 C:/Users/akmal/Desktop/KP/hydromart-wms-fullstack/hydromart-wms-fullstack/backend/vendor/laravel/framework/src/Illuminate/Cookie/Middleware/EncryptCookies.php(67): Illuminate/Pipeline/Pipeline->Illuminate/Pipeline/{closure}(Object(Illuminate/Http/Request))
#24 C:/Users/akmal/Desktop/KP/hydromart-wms-fullstack/hydromart-wms-fullstack/backend/vendor/laravel/framework/src/Illuminate/Pipeline/Pipeline.php(183): Illuminate/Cookie/Middleware/EncryptCookies->handle(Object(Illuminate/Http/Request), Object(Closure))
#25 C:/Users/akmal/Desktop/KP/hydromart-wms-fullstack/hydromart-wms-fullstack/backend/vendor/laravel/sanctum/src/Http/Middleware/EnsureFrontendRequestsAreStateful.php(61): Illuminate/Pipeline/Pipeline->Illuminate/Pipeline/{closure}(Object(Illuminate/Http/Request))
#26 C:/Users/akmal/Desktop/KP/hydromart-wms-fullstack/hydromart-wms-fullstack/backend/vendor/laravel/framework/src/Illuminate/Pipeline/Pipeline.php(165): Laravel/Sanctum/Http/Middleware/EnsureFrontendRequestsAreStateful->Laravel/Sanctum/Http/Middleware/{closure}(Object(Illuminate/Http/Request), Object(Closure))
#27 C:/Users/akmal/Desktop/KP/hydromart-wms-fullstack/hydromart-wms-fullstack/backend/vendor/laravel/framework/src/Illuminate/Pipeline/Pipeline.php(119): Illuminate/Pipeline/Pipeline->Illuminate/Pipeline/{closure}(Object(Illuminate/Http/Request))
#28 C:/Users/akmal/Desktop/KP/hydromart-wms-fullstack/hydromart-wms-fullstack/backend/vendor/laravel/sanctum/src/Http/Middleware/EnsureFrontendRequestsAreStateful.php(24): Illuminate/Pipeline/Pipeline->then(Object(Closure))
#29 C:/Users/akmal/Desktop/KP/hydromart-wms-fullstack/hydromart-wms-fullstack/backend/vendor/laravel/framework/src/Illuminate/Pipeline/Pipeline.php(183): Laravel/Sanctum/Http/Middleware/EnsureFrontendRequestsAreStateful->handle(Object(Illuminate/Http/Request), Object(Closure))
#30 C:/Users/akmal/Desktop/KP/hydromart-wms-fullstack/hydromart-wms-fullstack/backend/vendor/laravel/framework/src/Illuminate/Pipeline/Pipeline.php(119): Illuminate/Pipeline/Pipeline->Illuminate/Pipeline/{closure}(Object(Illuminate/Http/Request))
#31 C:/Users/akmal/Desktop/KP/hydromart-wms-fullstack/hydromart-wms-fullstack/backend/vendor/laravel/framework/src/Illuminate/Routing/Router.php(805): Illuminate/Pipeline/Pipeline->then(Object(Closure))
#32 C:/Users/akmal/Desktop/KP/hydromart-wms-fullstack/hydromart-wms-fullstack/backend/vendor/laravel/framework/src/Illuminate/Routing/Router.php(784): Illuminate/Routing/Router->runRouteWithinStack(Object(Illuminate/Routing/Route), Object(Illuminate/Http/Request))
#33 C:/Users/akmal/Desktop/KP/hydromart-wms-fullstack/hydromart-wms-fullstack/backend/vendor/laravel/framework/src/Illuminate/Routing/Router.php(748): Illuminate/Routing/Router->runRoute(Object(Illuminate/Http/Request), Object(Illuminate/Routing/Route))
#34 C:/Users/akmal/Desktop/KP/hydromart-wms-fullstack/hydromart-wms-fullstack/backend/vendor/laravel/framework/src/Illuminate/Routing/Router.php(737): Illuminate/Routing/Router->dispatchToRoute(Object(Illuminate/Http/Request))
#35 C:/Users/akmal/Desktop/KP/hydromart-wms-fullstack/hydromart-wms-fullstack/backend/vendor/laravel/framework/src/Illuminate/Foundation/Http/Kernel.php(200): Illuminate/Routing/Router->dispatch(Object(Illuminate/Http/Request))
#36 C:/Users/akmal/Desktop/KP/hydromart-wms-fullstack/hydromart-wms-fullstack/backend/vendor/laravel/framework/src/Illuminate/Pipeline/Pipeline.php(144): Illuminate/Foundation/Http/Kernel->Illuminate/Foundation/Http/{closure}(Object(Illuminate/Http/Request))
#37 C:/Users/akmal/Desktop/KP/hydromart-wms-fullstack/hydromart-wms-fullstack/backend/vendor/laravel/framework/src/Illuminate/Foundation/Http/Middleware/TransformsRequest.php(21): Illuminate/Pipeline/Pipeline->Illuminate/Pipeline/{closure}(Object(Illuminate/Http/Request))
#38 C:/Users/akmal/Desktop/KP/hydromart-wms-fullstack/hydromart-wms-fullstack/backend/vendor/laravel/framework/src/Illuminate/Foundation/Http/Middleware/ConvertEmptyStringsToNull.php(31): Illuminate/Foundation/Http/Middleware/TransformsRequest->handle(Object(Illuminate/Http/Request), Object(Closure))
#39 C:/Users/akmal/Desktop/KP/hydromart-wms-fullstack/hydromart-wms-fullstack/backend/vendor/laravel/framework/src/Illuminate/Pipeline/Pipeline.php(183): Illuminate/Foundation/Http/Middleware/ConvertEmptyStringsToNull->handle(Object(Illuminate/Http/Request), Object(Closure))
#40 C:/Users/akmal/Desktop/KP/hydromart-wms-fullstack/hydromart-wms-fullstack/backend/vendor/laravel/framework/src/Illuminate/Foundation/Http/Middleware/TransformsRequest.php(21): Illuminate/Pipeline/Pipeline->Illuminate/Pipeline/{closure}(Object(Illuminate/Http/Request))
#41 C:/Users/akmal/Desktop/KP/hydromart-wms-fullstack/hydromart-wms-fullstack/backend/vendor/laravel/framework/src/Illuminate/Foundation/Http/Middleware/TrimStrings.php(40): Illuminate/Foundation/Http/Middleware/TransformsRequest->handle(Object(Illuminate/Http/Request), Object(Closure))
#42 C:/Users/akmal/Desktop/KP/hydromart-wms-fullstack/hydromart-wms-fullstack/backend/vendor/laravel/framework/src/Illuminate/Pipeline/Pipeline.php(183): Illuminate/Foundation/Http/Middleware/TrimStrings->handle(Object(Illuminate/Http/Request), Object(Closure))
#43 C:/Users/akmal/Desktop/KP/hydromart-wms-fullstack/hydromart-wms-fullstack/backend/vendor/laravel/framework/src/Illuminate/Foundation/Http/Middleware/ValidatePostSize.php(27): Illuminate/Pipeline/Pipeline->Illuminate/Pipeline/{closure}(Object(Illuminate/Http/Request))
#44 C:/Users/akmal/Desktop/KP/hydromart-wms-fullstack/hydromart-wms-fullstack/backend/vendor/laravel/framework/src/Illuminate/Pipeline/Pipeline.php(183): Illuminate/Foundation/Http/Middleware/ValidatePostSize->handle(Object(Illuminate/Http/Request), Object(Closure))
#45 C:/Users/akmal/Desktop/KP/hydromart-wms-fullstack/hydromart-wms-fullstack/backend/vendor/laravel/framework/src/Illuminate/Foundation/Http/Middleware/PreventRequestsDuringMaintenance.php(99): Illuminate/Pipeline/Pipeline->Illuminate/Pipeline/{closure}(Object(Illuminate/Http/Request))
#46 C:/Users/akmal/Desktop/KP/hydromart-wms-fullstack/hydromart-wms-fullstack/backend/vendor/laravel/framework/src/Illuminate/Pipeline/Pipeline.php(183): Illuminate/Foundation/Http/Middleware/PreventRequestsDuringMaintenance->handle(Object(Illuminate/Http/Request), Object(Closure))
#47 C:/Users/akmal/Desktop/KP/hydromart-wms-fullstack/hydromart-wms-fullstack/backend/vendor/laravel/framework/src/Illuminate/Http/Middleware/HandleCors.php(62): Illuminate/Pipeline/Pipeline->Illuminate/Pipeline/{closure}(Object(Illuminate/Http/Request))
#48 C:/Users/akmal/Desktop/KP/hydromart-wms-fullstack/hydromart-wms-fullstack/backend/vendor/laravel/framework/src/Illuminate/Pipeline/Pipeline.php(183): Illuminate/Http/Middleware/HandleCors->handle(Object(Illuminate/Http/Request), Object(Closure))
#49 C:/Users/akmal/Desktop/KP/hydromart-wms-fullstack/hydromart-wms-fullstack/backend/vendor/laravel/framework/src/Illuminate/Http/Middleware/TrustProxies.php(39): Illuminate/Pipeline/Pipeline->Illuminate/Pipeline/{closure}(Object(Illuminate/Http/Request))
#50 C:/Users/akmal/Desktop/KP/hydromart-wms-fullstack/hydromart-wms-fullstack/backend/vendor/laravel/framework/src/Illuminate/Pipeline/Pipeline.php(183): Illuminate/Http/Middleware/TrustProxies->handle(Object(Illuminate/Http/Request), Object(Closure))
#51 C:/Users/akmal/Desktop/KP/hydromart-wms-fullstack/hydromart-wms-fullstack/backend/vendor/laravel/framework/src/Illuminate/Http/Middleware/TrustHosts.php(48): Illuminate/Pipeline/Pipeline->Illuminate/Pipeline/{closure}(Object(Illuminate/Http/Request))
#52 C:/Users/akmal/Desktop/KP/hydromart-wms-fullstack/hydromart-wms-fullstack/backend/vendor/laravel/framework/src/Illuminate/Pipeline/Pipeline.php(183): Illuminate/Http/Middleware/TrustHosts->handle(Object(Illuminate/Http/Request), Object(Closure))
#53 C:/Users/akmal/Desktop/KP/hydromart-wms-fullstack/hydromart-wms-fullstack/backend/vendor/laravel/framework/src/Illuminate/Pipeline/Pipeline.php(119): Illuminate/Pipeline/Pipeline->Illuminate/Pipeline/{closure}(Object(Illuminate/Http/Request))
#54 C:/Users/akmal/Desktop/KP/hydromart-wms-fullstack/hydromart-wms-fullstack/backend/vendor/laravel/framework/src/Illuminate/Foundation/Http/Kernel.php(175): Illuminate/Pipeline/Pipeline->then(Object(Closure))
#55 C:/Users/akmal/Desktop/KP/hydromart-wms-fullstack/hydromart-wms-fullstack/backend/vendor/laravel/framework/src/Illuminate/Foundation/Http/Kernel.php(144): Illuminate/Foundation/Http/Kernel->sendRequestThroughRouter(Object(Illuminate/Http/Request))
#56 C:/Users/akmal/Desktop/KP/hydromart-wms-fullstack/hydromart-wms-fullstack/backend/public/index.php(51): Illuminate/Foundation/Http/Kernel->handle(Object(Illuminate/Http/Request))
#57 C:/Users/akmal/Desktop/KP/hydromart-wms-fullstack/hydromart-wms-fullstack/backend/server.php(21): require_once('C://Users//akmal//...')
#58 {main}
"} 
[2026-06-04 20:49:19] production.ERROR: Call to undefined method Laravel\Sanctum\TransientToken::delete() {"userId":1,"exception":"[object] (Error(code: 0): Call to undefined method Laravel\\Sanctum\\TransientToken::delete() at C:/Users/akmal/Desktop/KP/hydromart-wms-fullstack/hydromart-wms-fullstack/backend/app/Http/Controllers/Api/AuthController.php:60)
[stacktrace]
#0 C:/Users/akmal/Desktop/KP/hydromart-wms-fullstack/hydromart-wms-fullstack/backend/vendor/laravel/framework/src/Illuminate/Routing/Controller.php(54): App/Http/Controllers/Api/AuthController->logout(Object(Illuminate/Http/Request))
#1 C:/Users/akmal/Desktop/KP/hydromart-wms-fullstack/hydromart-wms-fullstack/backend/vendor/laravel/framework/src/Illuminate/Routing/ControllerDispatcher.php(43): Illuminate/Routing/Controller->callAction('logout', Array)
#2 C:/Users/akmal/Desktop/KP/hydromart-wms-fullstack/hydromart-wms-fullstack/backend/vendor/laravel/framework/src/Illuminate/Routing/Route.php(259): Illuminate/Routing/ControllerDispatcher->dispatch(Object(Illuminate/Routing/Route), Object(App/Http/Controllers/Api/AuthController), 'logout')
#3 C:/Users/akmal/Desktop/KP/hydromart-wms-fullstack/hydromart-wms-fullstack/backend/vendor/laravel/framework/src/Illuminate/Routing/Route.php(205): Illuminate/Routing/Route->runController()
#4 C:/Users/akmal/Desktop/KP/hydromart-wms-fullstack/hydromart-wms-fullstack/backend/vendor/laravel/framework/src/Illuminate/Routing/Router.php(806): Illuminate/Routing/Route->run()
#5 C:/Users/akmal/Desktop/KP/hydromart-wms-fullstack/hydromart-wms-fullstack/backend/vendor/laravel/framework/src/Illuminate/Pipeline/Pipeline.php(144): Illuminate/Routing/Router->Illuminate/Routing/{closure}(Object(Illuminate/Http/Request))
#6 C:/Users/akmal/Desktop/KP/hydromart-wms-fullstack/hydromart-wms-fullstack/backend/vendor/laravel/framework/src/Illuminate/Routing/Middleware/SubstituteBindings.php(50): Illuminate/Pipeline/Pipeline->Illuminate/Pipeline/{closure}(Object(Illuminate/Http/Request))
#7 C:/Users/akmal/Desktop/KP/hydromart-wms-fullstack/hydromart-wms-fullstack/backend/vendor/laravel/framework/src/Illuminate/Pipeline/Pipeline.php(183): Illuminate/Routing/Middleware/SubstituteBindings->handle(Object(Illuminate/Http/Request), Object(Closure))
#8 C:/Users/akmal/Desktop/KP/hydromart-wms-fullstack/hydromart-wms-fullstack/backend/vendor/laravel/framework/src/Illuminate/Routing/Middleware/ThrottleRequests.php(159): Illuminate/Pipeline/Pipeline->Illuminate/Pipeline/{closure}(Object(Illuminate/Http/Request))
#9 C:/Users/akmal/Desktop/KP/hydromart-wms-fullstack/hydromart-wms-fullstack/backend/vendor/laravel/framework/src/Illuminate/Routing/Middleware/ThrottleRequests.php(125): Illuminate/Routing/Middleware/ThrottleRequests->handleRequest(Object(Illuminate/Http/Request), Object(Closure), Array)
#10 C:/Users/akmal/Desktop/KP/hydromart-wms-fullstack/hydromart-wms-fullstack/backend/vendor/laravel/framework/src/Illuminate/Routing/Middleware/ThrottleRequests.php(87): Illuminate/Routing/Middleware/ThrottleRequests->handleRequestUsingNamedLimiter(Object(Illuminate/Http/Request), Object(Closure), 'api', Object(Closure))
#11 C:/Users/akmal/Desktop/KP/hydromart-wms-fullstack/hydromart-wms-fullstack/backend/vendor/laravel/framework/src/Illuminate/Pipeline/Pipeline.php(183): Illuminate/Routing/Middleware/ThrottleRequests->handle(Object(Illuminate/Http/Request), Object(Closure), 'api')
#12 C:/Users/akmal/Desktop/KP/hydromart-wms-fullstack/hydromart-wms-fullstack/backend/vendor/laravel/framework/src/Illuminate/Auth/Middleware/Authenticate.php(57): Illuminate/Pipeline/Pipeline->Illuminate/Pipeline/{closure}(Object(Illuminate/Http/Request))
#13 C:/Users/akmal/Desktop/KP/hydromart-wms-fullstack/hydromart-wms-fullstack/backend/vendor/laravel/framework/src/Illuminate/Pipeline/Pipeline.php(183): Illuminate/Auth/Middleware/Authenticate->handle(Object(Illuminate/Http/Request), Object(Closure), 'sanctum')
#14 C:/Users/akmal/Desktop/KP/hydromart-wms-fullstack/hydromart-wms-fullstack/backend/vendor/laravel/sanctum/src/Http/Middleware/EnsureFrontendRequestsAreStateful.php(25): Illuminate/Pipeline/Pipeline->Illuminate/Pipeline/{closure}(Object(Illuminate/Http/Request))
#15 C:/Users/akmal/Desktop/KP/hydromart-wms-fullstack/hydromart-wms-fullstack/backend/vendor/laravel/framework/src/Illuminate/Pipeline/Pipeline.php(144): Laravel/Sanctum/Http/Middleware/EnsureFrontendRequestsAreStateful->Laravel/Sanctum/Http/Middleware/{closure}(Object(Illuminate/Http/Request))
#16 C:/Users/akmal/Desktop/KP/hydromart-wms-fullstack/hydromart-wms-fullstack/backend/vendor/laravel/framework/src/Illuminate/Foundation/Http/Middleware/VerifyCsrfToken.php(78): Illuminate/Pipeline/Pipeline->Illuminate/Pipeline/{closure}(Object(Illuminate/Http/Request))
#17 C:/Users/akmal/Desktop/KP/hydromart-wms-fullstack/hydromart-wms-fullstack/backend/vendor/laravel/framework/src/Illuminate/Pipeline/Pipeline.php(183): Illuminate/Foundation/Http/Middleware/VerifyCsrfToken->handle(Object(Illuminate/Http/Request), Object(Closure))
#18 C:/Users/akmal/Desktop/KP/hydromart-wms-fullstack/hydromart-wms-fullstack/backend/vendor/laravel/framework/src/Illuminate/Session/Middleware/StartSession.php(121): Illuminate/Pipeline/Pipeline->Illuminate/Pipeline/{closure}(Object(Illuminate/Http/Request))
#19 C:/Users/akmal/Desktop/KP/hydromart-wms-fullstack/hydromart-wms-fullstack/backend/vendor/laravel/framework/src/Illuminate/Session/Middleware/StartSession.php(64): Illuminate/Session/Middleware/StartSession->handleStatefulRequest(Object(Illuminate/Http/Request), Object(Illuminate/Session/Store), Object(Closure))
#20 C:/Users/akmal/Desktop/KP/hydromart-wms-fullstack/hydromart-wms-fullstack/backend/vendor/laravel/framework/src/Illuminate/Pipeline/Pipeline.php(183): Illuminate/Session/Middleware/StartSession->handle(Object(Illuminate/Http/Request), Object(Closure))
#21 C:/Users/akmal/Desktop/KP/hydromart-wms-fullstack/hydromart-wms-fullstack/backend/vendor/laravel/framework/src/Illuminate/Cookie/Middleware/AddQueuedCookiesToResponse.php(37): Illuminate/Pipeline/Pipeline->Illuminate/Pipeline/{closure}(Object(Illuminate/Http/Request))
#22 C:/Users/akmal/Desktop/KP/hydromart-wms-fullstack/hydromart-wms-fullstack/backend/vendor/laravel/framework/src/Illuminate/Pipeline/Pipeline.php(183): Illuminate/Cookie/Middleware/AddQueuedCookiesToResponse->handle(Object(Illuminate/Http/Request), Object(Closure))
#23 C:/Users/akmal/Desktop/KP/hydromart-wms-fullstack/hydromart-wms-fullstack/backend/vendor/laravel/framework/src/Illuminate/Cookie/Middleware/EncryptCookies.php(67): Illuminate/Pipeline/Pipeline->Illuminate/Pipeline/{closure}(Object(Illuminate/Http/Request))
#24 C:/Users/akmal/Desktop/KP/hydromart-wms-fullstack/hydromart-wms-fullstack/backend/vendor/laravel/framework/src/Illuminate/Pipeline/Pipeline.php(183): Illuminate/Cookie/Middleware/EncryptCookies->handle(Object(Illuminate/Http/Request), Object(Closure))
#25 C:/Users/akmal/Desktop/KP/hydromart-wms-fullstack/hydromart-wms-fullstack/backend/vendor/laravel/sanctum/src/Http/Middleware/EnsureFrontendRequestsAreStateful.php(61): Illuminate/Pipeline/Pipeline->Illuminate/Pipeline/{closure}(Object(Illuminate/Http/Request))
#26 C:/Users/akmal/Desktop/KP/hydromart-wms-fullstack/hydromart-wms-fullstack/backend/vendor/laravel/framework/src/Illuminate/Pipeline/Pipeline.php(165): Laravel/Sanctum/Http/Middleware/EnsureFrontendRequestsAreStateful->Laravel/Sanctum/Http/Middleware/{closure}(Object(Illuminate/Http/Request), Object(Closure))
#27 C:/Users/akmal/Desktop/KP/hydromart-wms-fullstack/hydromart-wms-fullstack/backend/vendor/laravel/framework/src/Illuminate/Pipeline/Pipeline.php(119): Illuminate/Pipeline/Pipeline->Illuminate/Pipeline/{closure}(Object(Illuminate/Http/Request))
#28 C:/Users/akmal/Desktop/KP/hydromart-wms-fullstack/hydromart-wms-fullstack/backend/vendor/laravel/sanctum/src/Http/Middleware/EnsureFrontendRequestsAreStateful.php(24): Illuminate/Pipeline/Pipeline->then(Object(Closure))
#29 C:/Users/akmal/Desktop/KP/hydromart-wms-fullstack/hydromart-wms-fullstack/backend/vendor/laravel/framework/src/Illuminate/Pipeline/Pipeline.php(183): Laravel/Sanctum/Http/Middleware/EnsureFrontendRequestsAreStateful->handle(Object(Illuminate/Http/Request), Object(Closure))
#30 C:/Users/akmal/Desktop/KP/hydromart-wms-fullstack/hydromart-wms-fullstack/backend/vendor/laravel/framework/src/Illuminate/Pipeline/Pipeline.php(119): Illuminate/Pipeline/Pipeline->Illuminate/Pipeline/{closure}(Object(Illuminate/Http/Request))
#31 C:/Users/akmal/Desktop/KP/hydromart-wms-fullstack/hydromart-wms-fullstack/backend/vendor/laravel/framework/src/Illuminate/Routing/Router.php(805): Illuminate/Pipeline/Pipeline->then(Object(Closure))
#32 C:/Users/akmal/Desktop/KP/hydromart-wms-fullstack/hydromart-wms-fullstack/backend/vendor/laravel/framework/src/Illuminate/Routing/Router.php(784): Illuminate/Routing/Router->runRouteWithinStack(Object(Illuminate/Routing/Route), Object(Illuminate/Http/Request))
#33 C:/Users/akmal/Desktop/KP/hydromart-wms-fullstack/hydromart-wms-fullstack/backend/vendor/laravel/framework/src/Illuminate/Routing/Router.php(748): Illuminate/Routing/Router->runRoute(Object(Illuminate/Http/Request), Object(Illuminate/Routing/Route))
#34 C:/Users/akmal/Desktop/KP/hydromart-wms-fullstack/hydromart-wms-fullstack/backend/vendor/laravel/framework/src/Illuminate/Routing/Router.php(737): Illuminate/Routing/Router->dispatchToRoute(Object(Illuminate/Http/Request))
#35 C:/Users/akmal/Desktop/KP/hydromart-wms-fullstack/hydromart-wms-fullstack/backend/vendor/laravel/framework/src/Illuminate/Foundation/Http/Kernel.php(200): Illuminate/Routing/Router->dispatch(Object(Illuminate/Http/Request))
#36 C:/Users/akmal/Desktop/KP/hydromart-wms-fullstack/hydromart-wms-fullstack/backend/vendor/laravel/framework/src/Illuminate/Pipeline/Pipeline.php(144): Illuminate/Foundation/Http/Kernel->Illuminate/Foundation/Http/{closure}(Object(Illuminate/Http/Request))
#37 C:/Users/akmal/Desktop/KP/hydromart-wms-fullstack/hydromart-wms-fullstack/backend/vendor/laravel/framework/src/Illuminate/Foundation/Http/Middleware/TransformsRequest.php(21): Illuminate/Pipeline/Pipeline->Illuminate/Pipeline/{closure}(Object(Illuminate/Http/Request))
#38 C:/Users/akmal/Desktop/KP/hydromart-wms-fullstack/hydromart-wms-fullstack/backend/vendor/laravel/framework/src/Illuminate/Foundation/Http/Middleware/ConvertEmptyStringsToNull.php(31): Illuminate/Foundation/Http/Middleware/TransformsRequest->handle(Object(Illuminate/Http/Request), Object(Closure))
#39 C:/Users/akmal/Desktop/KP/hydromart-wms-fullstack/hydromart-wms-fullstack/backend/vendor/laravel/framework/src/Illuminate/Pipeline/Pipeline.php(183): Illuminate/Foundation/Http/Middleware/ConvertEmptyStringsToNull->handle(Object(Illuminate/Http/Request), Object(Closure))
#40 C:/Users/akmal/Desktop/KP/hydromart-wms-fullstack/hydromart-wms-fullstack/backend/vendor/laravel/framework/src/Illuminate/Foundation/Http/Middleware/TransformsRequest.php(21): Illuminate/Pipeline/Pipeline->Illuminate/Pipeline/{closure}(Object(Illuminate/Http/Request))
#41 C:/Users/akmal/Desktop/KP/hydromart-wms-fullstack/hydromart-wms-fullstack/backend/vendor/laravel/framework/src/Illuminate/Foundation/Http/Middleware/TrimStrings.php(40): Illuminate/Foundation/Http/Middleware/TransformsRequest->handle(Object(Illuminate/Http/Request), Object(Closure))
#42 C:/Users/akmal/Desktop/KP/hydromart-wms-fullstack/hydromart-wms-fullstack/backend/vendor/laravel/framework/src/Illuminate/Pipeline/Pipeline.php(183): Illuminate/Foundation/Http/Middleware/TrimStrings->handle(Object(Illuminate/Http/Request), Object(Closure))
#43 C:/Users/akmal/Desktop/KP/hydromart-wms-fullstack/hydromart-wms-fullstack/backend/vendor/laravel/framework/src/Illuminate/Foundation/Http/Middleware/ValidatePostSize.php(27): Illuminate/Pipeline/Pipeline->Illuminate/Pipeline/{closure}(Object(Illuminate/Http/Request))
#44 C:/Users/akmal/Desktop/KP/hydromart-wms-fullstack/hydromart-wms-fullstack/backend/vendor/laravel/framework/src/Illuminate/Pipeline/Pipeline.php(183): Illuminate/Foundation/Http/Middleware/ValidatePostSize->handle(Object(Illuminate/Http/Request), Object(Closure))
#45 C:/Users/akmal/Desktop/KP/hydromart-wms-fullstack/hydromart-wms-fullstack/backend/vendor/laravel/framework/src/Illuminate/Foundation/Http/Middleware/PreventRequestsDuringMaintenance.php(99): Illuminate/Pipeline/Pipeline->Illuminate/Pipeline/{closure}(Object(Illuminate/Http/Request))
#46 C:/Users/akmal/Desktop/KP/hydromart-wms-fullstack/hydromart-wms-fullstack/backend/vendor/laravel/framework/src/Illuminate/Pipeline/Pipeline.php(183): Illuminate/Foundation/Http/Middleware/PreventRequestsDuringMaintenance->handle(Object(Illuminate/Http/Request), Object(Closure))
#47 C:/Users/akmal/Desktop/KP/hydromart-wms-fullstack/hydromart-wms-fullstack/backend/vendor/laravel/framework/src/Illuminate/Http/Middleware/HandleCors.php(62): Illuminate/Pipeline/Pipeline->Illuminate/Pipeline/{closure}(Object(Illuminate/Http/Request))
#48 C:/Users/akmal/Desktop/KP/hydromart-wms-fullstack/hydromart-wms-fullstack/backend/vendor/laravel/framework/src/Illuminate/Pipeline/Pipeline.php(183): Illuminate/Http/Middleware/HandleCors->handle(Object(Illuminate/Http/Request), Object(Closure))
#49 C:/Users/akmal/Desktop/KP/hydromart-wms-fullstack/hydromart-wms-fullstack/backend/vendor/laravel/framework/src/Illuminate/Http/Middleware/TrustProxies.php(39): Illuminate/Pipeline/Pipeline->Illuminate/Pipeline/{closure}(Object(Illuminate/Http/Request))
#50 C:/Users/akmal/Desktop/KP/hydromart-wms-fullstack/hydromart-wms-fullstack/backend/vendor/laravel/framework/src/Illuminate/Pipeline/Pipeline.php(183): Illuminate/Http/Middleware/TrustProxies->handle(Object(Illuminate/Http/Request), Object(Closure))
#51 C:/Users/akmal/Desktop/KP/hydromart-wms-fullstack/hydromart-wms-fullstack/backend/vendor/laravel/framework/src/Illuminate/Http/Middleware/TrustHosts.php(48): Illuminate/Pipeline/Pipeline->Illuminate/Pipeline/{closure}(Object(Illuminate/Http/Request))
#52 C:/Users/akmal/Desktop/KP/hydromart-wms-fullstack/hydromart-wms-fullstack/backend/vendor/laravel/framework/src/Illuminate/Pipeline/Pipeline.php(183): Illuminate/Http/Middleware/TrustHosts->handle(Object(Illuminate/Http/Request), Object(Closure))
#53 C:/Users/akmal/Desktop/KP/hydromart-wms-fullstack/hydromart-wms-fullstack/backend/vendor/laravel/framework/src/Illuminate/Pipeline/Pipeline.php(119): Illuminate/Pipeline/Pipeline->Illuminate/Pipeline/{closure}(Object(Illuminate/Http/Request))
#54 C:/Users/akmal/Desktop/KP/hydromart-wms-fullstack/hydromart-wms-fullstack/backend/vendor/laravel/framework/src/Illuminate/Foundation/Http/Kernel.php(175): Illuminate/Pipeline/Pipeline->then(Object(Closure))
#55 C:/Users/akmal/Desktop/KP/hydromart-wms-fullstack/hydromart-wms-fullstack/backend/vendor/laravel/framework/src/Illuminate/Foundation/Http/Kernel.php(144): Illuminate/Foundation/Http/Kernel->sendRequestThroughRouter(Object(Illuminate/Http/Request))
#56 C:/Users/akmal/Desktop/KP/hydromart-wms-fullstack/hydromart-wms-fullstack/backend/public/index.php(51): Illuminate/Foundation/Http/Kernel->handle(Object(Illuminate/Http/Request))
#57 C:/Users/akmal/Desktop/KP/hydromart-wms-fullstack/hydromart-wms-fullstack/backend/server.php(21): require_once('C://Users//akmal//...')
#58 {main}
"} 
[2026-06-04 20:49:20] production.ERROR: Call to undefined method Laravel\Sanctum\TransientToken::delete() {"userId":1,"exception":"[object] (Error(code: 0): Call to undefined method Laravel\\Sanctum\\TransientToken::delete() at C:/Users/akmal/Desktop/KP/hydromart-wms-fullstack/hydromart-wms-fullstack/backend/app/Http/Controllers/Api/AuthController.php:60)
[stacktrace]
#0 C:/Users/akmal/Desktop/KP/hydromart-wms-fullstack/hydromart-wms-fullstack/backend/vendor/laravel/framework/src/Illuminate/Routing/Controller.php(54): App/Http/Controllers/Api/AuthController->logout(Object(Illuminate/Http/Request))
#1 C:/Users/akmal/Desktop/KP/hydromart-wms-fullstack/hydromart-wms-fullstack/backend/vendor/laravel/framework/src/Illuminate/Routing/ControllerDispatcher.php(43): Illuminate/Routing/Controller->callAction('logout', Array)
#2 C:/Users/akmal/Desktop/KP/hydromart-wms-fullstack/hydromart-wms-fullstack/backend/vendor/laravel/framework/src/Illuminate/Routing/Route.php(259): Illuminate/Routing/ControllerDispatcher->dispatch(Object(Illuminate/Routing/Route), Object(App/Http/Controllers/Api/AuthController), 'logout')
#3 C:/Users/akmal/Desktop/KP/hydromart-wms-fullstack/hydromart-wms-fullstack/backend/vendor/laravel/framework/src/Illuminate/Routing/Route.php(205): Illuminate/Routing/Route->runController()
#4 C:/Users/akmal/Desktop/KP/hydromart-wms-fullstack/hydromart-wms-fullstack/backend/vendor/laravel/framework/src/Illuminate/Routing/Router.php(806): Illuminate/Routing/Route->run()
#5 C:/Users/akmal/Desktop/KP/hydromart-wms-fullstack/hydromart-wms-fullstack/backend/vendor/laravel/framework/src/Illuminate/Pipeline/Pipeline.php(144): Illuminate/Routing/Router->Illuminate/Routing/{closure}(Object(Illuminate/Http/Request))
#6 C:/Users/akmal/Desktop/KP/hydromart-wms-fullstack/hydromart-wms-fullstack/backend/vendor/laravel/framework/src/Illuminate/Routing/Middleware/SubstituteBindings.php(50): Illuminate/Pipeline/Pipeline->Illuminate/Pipeline/{closure}(Object(Illuminate/Http/Request))
#7 C:/Users/akmal/Desktop/KP/hydromart-wms-fullstack/hydromart-wms-fullstack/backend/vendor/laravel/framework/src/Illuminate/Pipeline/Pipeline.php(183): Illuminate/Routing/Middleware/SubstituteBindings->handle(Object(Illuminate/Http/Request), Object(Closure))
#8 C:/Users/akmal/Desktop/KP/hydromart-wms-fullstack/hydromart-wms-fullstack/backend/vendor/laravel/framework/src/Illuminate/Routing/Middleware/ThrottleRequests.php(159): Illuminate/Pipeline/Pipeline->Illuminate/Pipeline/{closure}(Object(Illuminate/Http/Request))
#9 C:/Users/akmal/Desktop/KP/hydromart-wms-fullstack/hydromart-wms-fullstack/backend/vendor/laravel/framework/src/Illuminate/Routing/Middleware/ThrottleRequests.php(125): Illuminate/Routing/Middleware/ThrottleRequests->handleRequest(Object(Illuminate/Http/Request), Object(Closure), Array)
#10 C:/Users/akmal/Desktop/KP/hydromart-wms-fullstack/hydromart-wms-fullstack/backend/vendor/laravel/framework/src/Illuminate/Routing/Middleware/ThrottleRequests.php(87): Illuminate/Routing/Middleware/ThrottleRequests->handleRequestUsingNamedLimiter(Object(Illuminate/Http/Request), Object(Closure), 'api', Object(Closure))
#11 C:/Users/akmal/Desktop/KP/hydromart-wms-fullstack/hydromart-wms-fullstack/backend/vendor/laravel/framework/src/Illuminate/Pipeline/Pipeline.php(183): Illuminate/Routing/Middleware/ThrottleRequests->handle(Object(Illuminate/Http/Request), Object(Closure), 'api')
#12 C:/Users/akmal/Desktop/KP/hydromart-wms-fullstack/hydromart-wms-fullstack/backend/vendor/laravel/framework/src/Illuminate/Auth/Middleware/Authenticate.php(57): Illuminate/Pipeline/Pipeline->Illuminate/Pipeline/{closure}(Object(Illuminate/Http/Request))
#13 C:/Users/akmal/Desktop/KP/hydromart-wms-fullstack/hydromart-wms-fullstack/backend/vendor/laravel/framework/src/Illuminate/Pipeline/Pipeline.php(183): Illuminate/Auth/Middleware/Authenticate->handle(Object(Illuminate/Http/Request), Object(Closure), 'sanctum')
#14 C:/Users/akmal/Desktop/KP/hydromart-wms-fullstack/hydromart-wms-fullstack/backend/vendor/laravel/sanctum/src/Http/Middleware/EnsureFrontendRequestsAreStateful.php(25): Illuminate/Pipeline/Pipeline->Illuminate/Pipeline/{closure}(Object(Illuminate/Http/Request))
#15 C:/Users/akmal/Desktop/KP/hydromart-wms-fullstack/hydromart-wms-fullstack/backend/vendor/laravel/framework/src/Illuminate/Pipeline/Pipeline.php(144): Laravel/Sanctum/Http/Middleware/EnsureFrontendRequestsAreStateful->Laravel/Sanctum/Http/Middleware/{closure}(Object(Illuminate/Http/Request))
#16 C:/Users/akmal/Desktop/KP/hydromart-wms-fullstack/hydromart-wms-fullstack/backend/vendor/laravel/framework/src/Illuminate/Foundation/Http/Middleware/VerifyCsrfToken.php(78): Illuminate/Pipeline/Pipeline->Illuminate/Pipeline/{closure}(Object(Illuminate/Http/Request))
#17 C:/Users/akmal/Desktop/KP/hydromart-wms-fullstack/hydromart-wms-fullstack/backend/vendor/laravel/framework/src/Illuminate/Pipeline/Pipeline.php(183): Illuminate/Foundation/Http/Middleware/VerifyCsrfToken->handle(Object(Illuminate/Http/Request), Object(Closure))
#18 C:/Users/akmal/Desktop/KP/hydromart-wms-fullstack/hydromart-wms-fullstack/backend/vendor/laravel/framework/src/Illuminate/Session/Middleware/StartSession.php(121): Illuminate/Pipeline/Pipeline->Illuminate/Pipeline/{closure}(Object(Illuminate/Http/Request))
#19 C:/Users/akmal/Desktop/KP/hydromart-wms-fullstack/hydromart-wms-fullstack/backend/vendor/laravel/framework/src/Illuminate/Session/Middleware/StartSession.php(64): Illuminate/Session/Middleware/StartSession->handleStatefulRequest(Object(Illuminate/Http/Request), Object(Illuminate/Session/Store), Object(Closure))
#20 C:/Users/akmal/Desktop/KP/hydromart-wms-fullstack/hydromart-wms-fullstack/backend/vendor/laravel/framework/src/Illuminate/Pipeline/Pipeline.php(183): Illuminate/Session/Middleware/StartSession->handle(Object(Illuminate/Http/Request), Object(Closure))
#21 C:/Users/akmal/Desktop/KP/hydromart-wms-fullstack/hydromart-wms-fullstack/backend/vendor/laravel/framework/src/Illuminate/Cookie/Middleware/AddQueuedCookiesToResponse.php(37): Illuminate/Pipeline/Pipeline->Illuminate/Pipeline/{closure}(Object(Illuminate/Http/Request))
#22 C:/Users/akmal/Desktop/KP/hydromart-wms-fullstack/hydromart-wms-fullstack/backend/vendor/laravel/framework/src/Illuminate/Pipeline/Pipeline.php(183): Illuminate/Cookie/Middleware/AddQueuedCookiesToResponse->handle(Object(Illuminate/Http/Request), Object(Closure))
#23 C:/Users/akmal/Desktop/KP/hydromart-wms-fullstack/hydromart-wms-fullstack/backend/vendor/laravel/framework/src/Illuminate/Cookie/Middleware/EncryptCookies.php(67): Illuminate/Pipeline/Pipeline->Illuminate/Pipeline/{closure}(Object(Illuminate/Http/Request))
#24 C:/Users/akmal/Desktop/KP/hydromart-wms-fullstack/hydromart-wms-fullstack/backend/vendor/laravel/framework/src/Illuminate/Pipeline/Pipeline.php(183): Illuminate/Cookie/Middleware/EncryptCookies->handle(Object(Illuminate/Http/Request), Object(Closure))
#25 C:/Users/akmal/Desktop/KP/hydromart-wms-fullstack/hydromart-wms-fullstack/backend/vendor/laravel/sanctum/src/Http/Middleware/EnsureFrontendRequestsAreStateful.php(61): Illuminate/Pipeline/Pipeline->Illuminate/Pipeline/{closure}(Object(Illuminate/Http/Request))
#26 C:/Users/akmal/Desktop/KP/hydromart-wms-fullstack/hydromart-wms-fullstack/backend/vendor/laravel/framework/src/Illuminate/Pipeline/Pipeline.php(165): Laravel/Sanctum/Http/Middleware/EnsureFrontendRequestsAreStateful->Laravel/Sanctum/Http/Middleware/{closure}(Object(Illuminate/Http/Request), Object(Closure))
#27 C:/Users/akmal/Desktop/KP/hydromart-wms-fullstack/hydromart-wms-fullstack/backend/vendor/laravel/framework/src/Illuminate/Pipeline/Pipeline.php(119): Illuminate/Pipeline/Pipeline->Illuminate/Pipeline/{closure}(Object(Illuminate/Http/Request))
#28 C:/Users/akmal/Desktop/KP/hydromart-wms-fullstack/hydromart-wms-fullstack/backend/vendor/laravel/sanctum/src/Http/Middleware/EnsureFrontendRequestsAreStateful.php(24): Illuminate/Pipeline/Pipeline->then(Object(Closure))
#29 C:/Users/akmal/Desktop/KP/hydromart-wms-fullstack/hydromart-wms-fullstack/backend/vendor/laravel/framework/src/Illuminate/Pipeline/Pipeline.php(183): Laravel/Sanctum/Http/Middleware/EnsureFrontendRequestsAreStateful->handle(Object(Illuminate/Http/Request), Object(Closure))
#30 C:/Users/akmal/Desktop/KP/hydromart-wms-fullstack/hydromart-wms-fullstack/backend/vendor/laravel/framework/src/Illuminate/Pipeline/Pipeline.php(119): Illuminate/Pipeline/Pipeline->Illuminate/Pipeline/{closure}(Object(Illuminate/Http/Request))
#31 C:/Users/akmal/Desktop/KP/hydromart-wms-fullstack/hydromart-wms-fullstack/backend/vendor/laravel/framework/src/Illuminate/Routing/Router.php(805): Illuminate/Pipeline/Pipeline->then(Object(Closure))
#32 C:/Users/akmal/Desktop/KP/hydromart-wms-fullstack/hydromart-wms-fullstack/backend/vendor/laravel/framework/src/Illuminate/Routing/Router.php(784): Illuminate/Routing/Router->runRouteWithinStack(Object(Illuminate/Routing/Route), Object(Illuminate/Http/Request))
#33 C:/Users/akmal/Desktop/KP/hydromart-wms-fullstack/hydromart-wms-fullstack/backend/vendor/laravel/framework/src/Illuminate/Routing/Router.php(748): Illuminate/Routing/Router->runRoute(Object(Illuminate/Http/Request), Object(Illuminate/Routing/Route))
#34 C:/Users/akmal/Desktop/KP/hydromart-wms-fullstack/hydromart-wms-fullstack/backend/vendor/laravel/framework/src/Illuminate/Routing/Router.php(737): Illuminate/Routing/Router->dispatchToRoute(Object(Illuminate/Http/Request))
#35 C:/Users/akmal/Desktop/KP/hydromart-wms-fullstack/hydromart-wms-fullstack/backend/vendor/laravel/framework/src/Illuminate/Foundation/Http/Kernel.php(200): Illuminate/Routing/Router->dispatch(Object(Illuminate/Http/Request))
#36 C:/Users/akmal/Desktop/KP/hydromart-wms-fullstack/hydromart-wms-fullstack/backend/vendor/laravel/framework/src/Illuminate/Pipeline/Pipeline.php(144): Illuminate/Foundation/Http/Kernel->Illuminate/Foundation/Http/{closure}(Object(Illuminate/Http/Request))
#37 C:/Users/akmal/Desktop/KP/hydromart-wms-fullstack/hydromart-wms-fullstack/backend/vendor/laravel/framework/src/Illuminate/Foundation/Http/Middleware/TransformsRequest.php(21): Illuminate/Pipeline/Pipeline->Illuminate/Pipeline/{closure}(Object(Illuminate/Http/Request))
#38 C:/Users/akmal/Desktop/KP/hydromart-wms-fullstack/hydromart-wms-fullstack/backend/vendor/laravel/framework/src/Illuminate/Foundation/Http/Middleware/ConvertEmptyStringsToNull.php(31): Illuminate/Foundation/Http/Middleware/TransformsRequest->handle(Object(Illuminate/Http/Request), Object(Closure))
#39 C:/Users/akmal/Desktop/KP/hydromart-wms-fullstack/hydromart-wms-fullstack/backend/vendor/laravel/framework/src/Illuminate/Pipeline/Pipeline.php(183): Illuminate/Foundation/Http/Middleware/ConvertEmptyStringsToNull->handle(Object(Illuminate/Http/Request), Object(Closure))
#40 C:/Users/akmal/Desktop/KP/hydromart-wms-fullstack/hydromart-wms-fullstack/backend/vendor/laravel/framework/src/Illuminate/Foundation/Http/Middleware/TransformsRequest.php(21): Illuminate/Pipeline/Pipeline->Illuminate/Pipeline/{closure}(Object(Illuminate/Http/Request))
#41 C:/Users/akmal/Desktop/KP/hydromart-wms-fullstack/hydromart-wms-fullstack/backend/vendor/laravel/framework/src/Illuminate/Foundation/Http/Middleware/TrimStrings.php(40): Illuminate/Foundation/Http/Middleware/TransformsRequest->handle(Object(Illuminate/Http/Request), Object(Closure))
#42 C:/Users/akmal/Desktop/KP/hydromart-wms-fullstack/hydromart-wms-fullstack/backend/vendor/laravel/framework/src/Illuminate/Pipeline/Pipeline.php(183): Illuminate/Foundation/Http/Middleware/TrimStrings->handle(Object(Illuminate/Http/Request), Object(Closure))
#43 C:/Users/akmal/Desktop/KP/hydromart-wms-fullstack/hydromart-wms-fullstack/backend/vendor/laravel/framework/src/Illuminate/Foundation/Http/Middleware/ValidatePostSize.php(27): Illuminate/Pipeline/Pipeline->Illuminate/Pipeline/{closure}(Object(Illuminate/Http/Request))
#44 C:/Users/akmal/Desktop/KP/hydromart-wms-fullstack/hydromart-wms-fullstack/backend/vendor/laravel/framework/src/Illuminate/Pipeline/Pipeline.php(183): Illuminate/Foundation/Http/Middleware/ValidatePostSize->handle(Object(Illuminate/Http/Request), Object(Closure))
#45 C:/Users/akmal/Desktop/KP/hydromart-wms-fullstack/hydromart-wms-fullstack/backend/vendor/laravel/framework/src/Illuminate/Foundation/Http/Middleware/PreventRequestsDuringMaintenance.php(99): Illuminate/Pipeline/Pipeline->Illuminate/Pipeline/{closure}(Object(Illuminate/Http/Request))
#46 C:/Users/akmal/Desktop/KP/hydromart-wms-fullstack/hydromart-wms-fullstack/backend/vendor/laravel/framework/src/Illuminate/Pipeline/Pipeline.php(183): Illuminate/Foundation/Http/Middleware/PreventRequestsDuringMaintenance->handle(Object(Illuminate/Http/Request), Object(Closure))
#47 C:/Users/akmal/Desktop/KP/hydromart-wms-fullstack/hydromart-wms-fullstack/backend/vendor/laravel/framework/src/Illuminate/Http/Middleware/HandleCors.php(62): Illuminate/Pipeline/Pipeline->Illuminate/Pipeline/{closure}(Object(Illuminate/Http/Request))
#48 C:/Users/akmal/Desktop/KP/hydromart-wms-fullstack/hydromart-wms-fullstack/backend/vendor/laravel/framework/src/Illuminate/Pipeline/Pipeline.php(183): Illuminate/Http/Middleware/HandleCors->handle(Object(Illuminate/Http/Request), Object(Closure))
#49 C:/Users/akmal/Desktop/KP/hydromart-wms-fullstack/hydromart-wms-fullstack/backend/vendor/laravel/framework/src/Illuminate/Http/Middleware/TrustProxies.php(39): Illuminate/Pipeline/Pipeline->Illuminate/Pipeline/{closure}(Object(Illuminate/Http/Request))
#50 C:/Users/akmal/Desktop/KP/hydromart-wms-fullstack/hydromart-wms-fullstack/backend/vendor/laravel/framework/src/Illuminate/Pipeline/Pipeline.php(183): Illuminate/Http/Middleware/TrustProxies->handle(Object(Illuminate/Http/Request), Object(Closure))
#51 C:/Users/akmal/Desktop/KP/hydromart-wms-fullstack/hydromart-wms-fullstack/backend/vendor/laravel/framework/src/Illuminate/Http/Middleware/TrustHosts.php(48): Illuminate/Pipeline/Pipeline->Illuminate/Pipeline/{closure}(Object(Illuminate/Http/Request))
#52 C:/Users/akmal/Desktop/KP/hydromart-wms-fullstack/hydromart-wms-fullstack/backend/vendor/laravel/framework/src/Illuminate/Pipeline/Pipeline.php(183): Illuminate/Http/Middleware/TrustHosts->handle(Object(Illuminate/Http/Request), Object(Closure))
#53 C:/Users/akmal/Desktop/KP/hydromart-wms-fullstack/hydromart-wms-fullstack/backend/vendor/laravel/framework/src/Illuminate/Pipeline/Pipeline.php(119): Illuminate/Pipeline/Pipeline->Illuminate/Pipeline/{closure}(Object(Illuminate/Http/Request))
#54 C:/Users/akmal/Desktop/KP/hydromart-wms-fullstack/hydromart-wms-fullstack/backend/vendor/laravel/framework/src/Illuminate/Foundation/Http/Kernel.php(175): Illuminate/Pipeline/Pipeline->then(Object(Closure))
#55 C:/Users/akmal/Desktop/KP/hydromart-wms-fullstack/hydromart-wms-fullstack/backend/vendor/laravel/framework/src/Illuminate/Foundation/Http/Kernel.php(144): Illuminate/Foundation/Http/Kernel->sendRequestThroughRouter(Object(Illuminate/Http/Request))
#56 C:/Users/akmal/Desktop/KP/hydromart-wms-fullstack/hydromart-wms-fullstack/backend/public/index.php(51): Illuminate/Foundation/Http/Kernel->handle(Object(Illuminate/Http/Request))
#57 C:/Users/akmal/Desktop/KP/hydromart-wms-fullstack/hydromart-wms-fullstack/backend/server.php(21): require_once('C://Users//akmal//...')
#58 {main}
"} 
